I'm sorry, but errors were detected in your script. Please correct the
errors listed below, and try again.


File "game/script.rpy", line 8: ATL statement contains two expressions in a row; is one of them a misspelled property? If not, separate them with pass.
    Dissolve 0.1
                ^

Ren'Py Version: Ren'Py 7.4.11.2266
Tue Jan 25 22:00:24 2022
